[17832:27608:1231/174643.448:WARNING:chrome_main_delegate.cc(745)] This is Chrome version 128.0.6613.138 (not a warning)
[17832:27608:1231/174643.739:ERROR:os_crypt_win.cc(100)] Failed to decrypt: Clave no válida para utilizar en el estado especificado. (0x8009000B)
[17832:31232:1231/174643.921:ERROR:google_update_settings.cc(265)] Failed opening key Software\Chromium to set usagestats; result: 5
[17832:27608:1231/174644.124:WARNING:account_consistency_mode_manager.cc(77)] Desktop Identity Consistency cannot be enabled as no OAuth client ID and client secret have been configured.
[17832:12640:1231/174654.125:WARNING:leveldb_database.cc(141)] Unable to open C:\Users\borra\Documents\GitHub\Entrega3\Entrega3\Saved\webcache_6613\Default\shared_proto_db\metadata: IO error: C:\Users\borra\Documents\GitHub\Entrega3\Entrega3\Saved\webcache_6613\Default\shared_proto_db\metadata/MANIFEST-000001: Unable to create sequential file (ChromeMethodBFE: 7::NewSequentialFile::1)
[17832:12640:1231/174654.132:WARNING:leveldb_database.cc(141)] Unable to open C:\Users\borra\Documents\GitHub\Entrega3\Entrega3\Saved\webcache_6613\Default\shared_proto_db\metadata: IO error: C:\Users\borra\Documents\GitHub\Entrega3\Entrega3\Saved\webcache_6613\Default\shared_proto_db\metadata/MANIFEST-000001: Unable to create sequential file (ChromeMethodBFE: 7::NewSequentialFile::1)
[17832:12640:1231/174654.138:WARNING:leveldb_database.cc(141)] Unable to open C:\Users\borra\Documents\GitHub\Entrega3\Entrega3\Saved\webcache_6613\Default\shared_proto_db\metadata: IO error: C:\Users\borra\Documents\GitHub\Entrega3\Entrega3\Saved\webcache_6613\Default\shared_proto_db\metadata/MANIFEST-000001: Unable to create sequential file (ChromeMethodBFE: 7::NewSequentialFile::1)
[17832:12640:1231/174654.142:WARNING:leveldb_database.cc(141)] Unable to open C:\Users\borra\Documents\GitHub\Entrega3\Entrega3\Saved\webcache_6613\Default\shared_proto_db\metadata: IO error: C:\Users\borra\Documents\GitHub\Entrega3\Entrega3\Saved\webcache_6613\Default\shared_proto_db\metadata/MANIFEST-000001: Unable to create sequential file (ChromeMethodBFE: 7::NewSequentialFile::1)
[17832:31232:1231/174655.460:WARNING:value_store_frontend.cc(47)] Reading ahfgeienlihckogmohjhadlkjgocpleb.alarms from  failed: IO error: .../MANIFEST-000001: Unable to create sequential file (ChromeMethodBFE: 7::NewSequentialFile::1)
[17832:31232:1231/174655.472:WARNING:value_store_frontend.cc(47)] Reading mhjfbmdgcfjbbpaeojofohoefgiehjai.alarms from  failed: IO error: .../MANIFEST-000001: Unable to create sequential file (ChromeMethodBFE: 7::NewSequentialFile::1)
[17832:6636:1231/174655.839:WARNING:leveldb_database.cc(141)] Unable to open C:\Users\borra\Documents\GitHub\Entrega3\Entrega3\Saved\webcache_6613\Default\GCM Store\Encryption: IO error: C:\Users\borra\Documents\GitHub\Entrega3\Entrega3\Saved\webcache_6613\Default\GCM Store\Encryption/MANIFEST-000001: Unable to create sequential file (ChromeMethodBFE: 7::NewSequentialFile::1)
[15412:2044:1231/174656.914:WARNING:backend_impl.cc(1764)] Destroying invalid entry.
[15412:2044:1231/174656.935:ERROR:backend_impl.cc(989)] Critical error found -8
[15412:2044:1231/174656.935:WARNING:storage_block-inl.h(138)] Failed data load.
[15412:2044:1231/174656.935:WARNING:storage_block-inl.h(138)] Failed data load.
[15412:2044:1231/174656.935:ERROR:entry_impl.cc(1029)] No file for c1030006
[15412:2044:1231/174656.935:WARNING:storage_block-inl.h(138)] Failed data load.
[15412:2044:1231/174656.935:WARNING:storage_block-inl.h(138)] Failed data load.
[15412:2044:1231/174656.935:WARNING:storage_block-inl.h(138)] Failed data load.
[15412:2044:1231/174656.935:WARNING:storage_block-inl.h(138)] Failed data load.
[15412:2044:1231/174656.935:ERROR:entry_impl.cc(1029)] No file for c1030008
[15412:2044:1231/174656.935:WARNING:storage_block-inl.h(138)] Failed data load.
[15412:2044:1231/174656.935:WARNING:storage_block-inl.h(138)] Failed data load.
[15412:2044:1231/174656.935:WARNING:storage_block-inl.h(138)] Failed data load.
[15412:2044:1231/174656.935:WARNING:storage_block-inl.h(138)] Failed data load.
[15412:2044:1231/174656.935:ERROR:entry_impl.cc(1029)] No file for c103000a
[15412:2044:1231/174656.935:WARNING:storage_block-inl.h(138)] Failed data load.
[15412:2044:1231/174656.935:WARNING:storage_block-inl.h(138)] Failed data load.
[15412:2044:1231/174656.935:WARNING:storage_block-inl.h(138)] Failed data load.
[15412:2044:1231/174656.935:WARNING:storage_block-inl.h(138)] Failed data load.
[15412:2044:1231/174656.935:ERROR:entry_impl.cc(1029)] No file for c1030004
[15412:2044:1231/174656.935:WARNING:storage_block-inl.h(138)] Failed data load.
[15412:2044:1231/174656.935:WARNING:storage_block-inl.h(138)] Failed data load.
[15412:2044:1231/174656.935:WARNING:storage_block-inl.h(138)] Failed data load.
[15412:2044:1231/174656.935:WARNING:storage_block-inl.h(138)] Failed data load.
[15412:2044:1231/174656.935:ERROR:entry_impl.cc(1029)] No file for c1030010
[15412:2044:1231/174656.935:WARNING:storage_block-inl.h(138)] Failed data load.
[15412:2044:1231/174656.936:WARNING:storage_block-inl.h(138)] Failed data load.
[15412:2044:1231/174656.936:WARNING:storage_block-inl.h(138)] Failed data load.
[15412:2044:1231/174656.936:WARNING:storage_block-inl.h(138)] Failed data load.
[15412:2044:1231/174656.936:WARNING:storage_block-inl.h(138)] Failed data load.
[15412:2044:1231/174657.725:ERROR:entry_impl.cc(955)] Failed to save user data
[17832:27608:1231/183821.378:WARNING:pref_notifier_impl.cc(41)] Pref observer for media_router.cast_allow_all_ips found at shutdown.
