[10896:11996:0111/180912.818:WARNING:chrome_main_delegate.cc(745)] This is Chrome version 128.0.6613.138 (not a warning)
[10896:21764:0111/180912.979:ERROR:google_update_settings.cc(265)] Failed opening key Software\Chromium to set usagestats; result: 5
[10896:11996:0111/180913.052:WARNING:account_consistency_mode_manager.cc(77)] Desktop Identity Consistency cannot be enabled as no OAuth client ID and client secret have been configured.
[10896:21764:0111/180916.951:WARNING:leveldb_database.cc(141)] Unable to open C:\Users\joaqu\Downloads\Entrega3\Entrega3\Saved\webcache_6613\Default\shared_proto_db\metadata: IO error: C:\Users\joaqu\Downloads\Entrega3\Entrega3\Saved\webcache_6613\Default\shared_proto_db\metadata/MANIFEST-000001: Unable to create sequential file (ChromeMethodBFE: 7::NewSequentialFile::1)
[10896:21764:0111/180916.954:WARNING:leveldb_database.cc(141)] Unable to open C:\Users\joaqu\Downloads\Entrega3\Entrega3\Saved\webcache_6613\Default\shared_proto_db\metadata: IO error: C:\Users\joaqu\Downloads\Entrega3\Entrega3\Saved\webcache_6613\Default\shared_proto_db\metadata/MANIFEST-000001: Unable to create sequential file (ChromeMethodBFE: 7::NewSequentialFile::1)
[10896:21764:0111/180916.957:WARNING:leveldb_database.cc(141)] Unable to open C:\Users\joaqu\Downloads\Entrega3\Entrega3\Saved\webcache_6613\Default\shared_proto_db\metadata: IO error: C:\Users\joaqu\Downloads\Entrega3\Entrega3\Saved\webcache_6613\Default\shared_proto_db\metadata/MANIFEST-000001: Unable to create sequential file (ChromeMethodBFE: 7::NewSequentialFile::1)
[10896:21764:0111/180916.960:WARNING:leveldb_database.cc(141)] Unable to open C:\Users\joaqu\Downloads\Entrega3\Entrega3\Saved\webcache_6613\Default\shared_proto_db\metadata: IO error: C:\Users\joaqu\Downloads\Entrega3\Entrega3\Saved\webcache_6613\Default\shared_proto_db\metadata/MANIFEST-000001: Unable to create sequential file (ChromeMethodBFE: 7::NewSequentialFile::1)
[10896:17400:0111/180917.650:WARNING:value_store_frontend.cc(47)] Reading ahfgeienlihckogmohjhadlkjgocpleb.alarms from  failed: IO error: .../MANIFEST-000001: Unable to create sequential file (ChromeMethodBFE: 7::NewSequentialFile::1)
[10896:17400:0111/180917.651:WARNING:value_store_frontend.cc(47)] Reading mhjfbmdgcfjbbpaeojofohoefgiehjai.alarms from  failed: IO error: .../MANIFEST-000001: Unable to create sequential file (ChromeMethodBFE: 7::NewSequentialFile::1)
[10896:20704:0111/180921.726:WARNING:leveldb_database.cc(141)] Unable to open C:\Users\joaqu\Downloads\Entrega3\Entrega3\Saved\webcache_6613\Default\GCM Store\Encryption: IO error: C:\Users\joaqu\Downloads\Entrega3\Entrega3\Saved\webcache_6613\Default\GCM Store\Encryption/MANIFEST-000001: Unable to create sequential file (ChromeMethodBFE: 7::NewSequentialFile::1)
[10896:11996:0111/181740.951:WARNING:page_discarding_helper.cc(138)] Discarding multiple pages with target (kb): 0
[10896:11996:0111/181745.952:WARNING:page_discarding_helper.cc(138)] Discarding multiple pages with target (kb): 0
[10896:11996:0111/181750.953:WARNING:page_discarding_helper.cc(138)] Discarding multiple pages with target (kb): 0
[10896:11996:0111/181755.954:WARNING:page_discarding_helper.cc(138)] Discarding multiple pages with target (kb): 0
[10896:11996:0111/181800.955:WARNING:page_discarding_helper.cc(138)] Discarding multiple pages with target (kb): 0
[10896:11996:0111/181815.957:WARNING:page_discarding_helper.cc(138)] Discarding multiple pages with target (kb): 0
[10896:11996:0111/181820.960:WARNING:page_discarding_helper.cc(138)] Discarding multiple pages with target (kb): 0
[10896:11996:0111/181825.961:WARNING:page_discarding_helper.cc(138)] Discarding multiple pages with target (kb): 0
[10896:11996:0111/181830.962:WARNING:page_discarding_helper.cc(138)] Discarding multiple pages with target (kb): 0
[10896:11996:0111/183512.519:WARNING:pref_notifier_impl.cc(41)] Pref observer for media_router.cast_allow_all_ips found at shutdown.
