[6580:22704:0106/201427.000:WARNING:chrome_main_delegate.cc(745)] This is Chrome version 128.0.6613.138 (not a warning)
[6580:22704:0106/201427.216:ERROR:os_crypt_win.cc(100)] Failed to decrypt: Clave no válida para utilizar en el estado especificado. (0x8009000B)
[6580:12260:0106/201427.351:ERROR:google_update_settings.cc(265)] Failed opening key Software\Chromium to set usagestats; result: 5
[6580:22704:0106/201427.491:WARNING:account_consistency_mode_manager.cc(77)] Desktop Identity Consistency cannot be enabled as no OAuth client ID and client secret have been configured.
[6580:12260:0106/201432.825:WARNING:leveldb_database.cc(141)] Unable to open C:\Users\borra\Documents\GitHub\Entrega3\Entrega3\Saved\webcache_6613\Default\shared_proto_db\metadata: IO error: C:\Users\borra\Documents\GitHub\Entrega3\Entrega3\Saved\webcache_6613\Default\shared_proto_db\metadata/MANIFEST-000001: Unable to create sequential file (ChromeMethodBFE: 7::NewSequentialFile::1)
[6580:12260:0106/201432.827:WARNING:leveldb_database.cc(141)] Unable to open C:\Users\borra\Documents\GitHub\Entrega3\Entrega3\Saved\webcache_6613\Default\shared_proto_db\metadata: IO error: C:\Users\borra\Documents\GitHub\Entrega3\Entrega3\Saved\webcache_6613\Default\shared_proto_db\metadata/MANIFEST-000001: Unable to create sequential file (ChromeMethodBFE: 7::NewSequentialFile::1)
[6580:12260:0106/201432.828:WARNING:leveldb_database.cc(141)] Unable to open C:\Users\borra\Documents\GitHub\Entrega3\Entrega3\Saved\webcache_6613\Default\shared_proto_db\metadata: IO error: C:\Users\borra\Documents\GitHub\Entrega3\Entrega3\Saved\webcache_6613\Default\shared_proto_db\metadata/MANIFEST-000001: Unable to create sequential file (ChromeMethodBFE: 7::NewSequentialFile::1)
[6580:12260:0106/201432.829:WARNING:leveldb_database.cc(141)] Unable to open C:\Users\borra\Documents\GitHub\Entrega3\Entrega3\Saved\webcache_6613\Default\shared_proto_db\metadata: IO error: C:\Users\borra\Documents\GitHub\Entrega3\Entrega3\Saved\webcache_6613\Default\shared_proto_db\metadata/MANIFEST-000001: Unable to create sequential file (ChromeMethodBFE: 7::NewSequentialFile::1)
[6580:13144:0106/201433.179:WARNING:value_store_frontend.cc(47)] Reading ahfgeienlihckogmohjhadlkjgocpleb.alarms from  failed: IO error: .../MANIFEST-000001: Unable to create sequential file (ChromeMethodBFE: 7::NewSequentialFile::1)
[6580:13144:0106/201433.185:WARNING:value_store_frontend.cc(47)] Reading mhjfbmdgcfjbbpaeojofohoefgiehjai.alarms from  failed: IO error: .../MANIFEST-000001: Unable to create sequential file (ChromeMethodBFE: 7::NewSequentialFile::1)
[6580:15184:0106/201433.426:WARNING:leveldb_database.cc(141)] Unable to open C:\Users\borra\Documents\GitHub\Entrega3\Entrega3\Saved\webcache_6613\Default\GCM Store\Encryption: IO error: C:\Users\borra\Documents\GitHub\Entrega3\Entrega3\Saved\webcache_6613\Default\GCM Store\Encryption/MANIFEST-000001: Unable to create sequential file (ChromeMethodBFE: 7::NewSequentialFile::1)
[6580:13860:0106/201434.720:ERROR:cast_crl.cc(443)] CRL - Verification failed.
[6580:13860:0106/201434.972:ERROR:cast_crl.cc(443)] CRL - Verification failed.
[6580:22704:0106/201657.980:ERROR:device_event_log_impl.cc(196)] [20:16:57.802] USB: usb_service_win.cc:105 SetupDiGetDeviceProperty({{A45C254E-DF1C-4EFD-8020-67D146A850E0}, 6}) failed: No se ha encontrado el elemento. (0x490)
[6580:13860:0106/205221.397:ERROR:cast_crl.cc(443)] CRL - Verification failed.
[6580:13860:0106/205321.648:ERROR:cast_crl.cc(443)] CRL - Verification failed.
[6580:13860:0106/205414.180:ERROR:cast_crl.cc(443)] CRL - Verification failed.
[6580:13860:0106/205445.448:ERROR:cast_crl.cc(443)] CRL - Verification failed.
[6580:13860:0106/205506.532:ERROR:cast_crl.cc(443)] CRL - Verification failed.
[6580:13860:0106/205549.123:ERROR:cast_crl.cc(443)] CRL - Verification failed.
[6580:13860:0106/205839.087:ERROR:cast_crl.cc(443)] CRL - Verification failed.
[6580:13860:0106/205946.243:ERROR:cast_crl.cc(443)] CRL - Verification failed.
[6580:13860:0106/210021.499:ERROR:cast_crl.cc(443)] CRL - Verification failed.
[6580:13860:0106/210233.808:ERROR:cast_crl.cc(443)] CRL - Verification failed.
[6580:13860:0106/210337.813:ERROR:cast_crl.cc(443)] CRL - Verification failed.
[6580:13860:0106/210419.803:ERROR:cast_crl.cc(443)] CRL - Verification failed.
[6580:13860:0106/210649.576:ERROR:cast_crl.cc(443)] CRL - Verification failed.
[6580:13860:0106/210837.405:ERROR:cast_crl.cc(443)] CRL - Verification failed.
[6580:13860:0106/210947.540:ERROR:cast_crl.cc(443)] CRL - Verification failed.
[6580:13860:0106/211020.314:ERROR:cast_crl.cc(443)] CRL - Verification failed.
[6580:13860:0106/214031.384:ERROR:cast_crl.cc(443)] CRL - Verification failed.
[6580:13860:0106/221212.667:ERROR:cast_crl.cc(443)] CRL - Verification failed.
[6580:13860:0106/221532.568:ERROR:cast_crl.cc(443)] CRL - Verification failed.
[6580:13860:0106/221734.839:ERROR:cast_crl.cc(443)] CRL - Verification failed.
[6580:22704:0106/224112.316:WARNING:pref_notifier_impl.cc(41)] Pref observer for media_router.cast_allow_all_ips found at shutdown.
