[19012:22520:0111/170720.517:WARNING:chrome_main_delegate.cc(745)] This is Chrome version 128.0.6613.138 (not a warning)
[19012:16360:0111/170720.548:ERROR:google_update_settings.cc(265)] Failed opening key Software\Chromium to set usagestats; result: 5
[19012:22520:0111/170720.562:WARNING:account_consistency_mode_manager.cc(77)] Desktop Identity Consistency cannot be enabled as no OAuth client ID and client secret have been configured.
[19012:5956:0111/170722.900:WARNING:leveldb_database.cc(141)] Unable to open C:\Users\joaqu\Downloads\Entrega3\Entrega3\Saved\webcache_6613\Default\shared_proto_db\metadata: IO error: C:\Users\joaqu\Downloads\Entrega3\Entrega3\Saved\webcache_6613\Default\shared_proto_db\metadata/MANIFEST-000001: Unable to create sequential file (ChromeMethodBFE: 7::NewSequentialFile::1)
[19012:5956:0111/170722.902:WARNING:leveldb_database.cc(141)] Unable to open C:\Users\joaqu\Downloads\Entrega3\Entrega3\Saved\webcache_6613\Default\shared_proto_db\metadata: IO error: C:\Users\joaqu\Downloads\Entrega3\Entrega3\Saved\webcache_6613\Default\shared_proto_db\metadata/MANIFEST-000001: Unable to create sequential file (ChromeMethodBFE: 7::NewSequentialFile::1)
[19012:5956:0111/170722.903:WARNING:leveldb_database.cc(141)] Unable to open C:\Users\joaqu\Downloads\Entrega3\Entrega3\Saved\webcache_6613\Default\shared_proto_db\metadata: IO error: C:\Users\joaqu\Downloads\Entrega3\Entrega3\Saved\webcache_6613\Default\shared_proto_db\metadata/MANIFEST-000001: Unable to create sequential file (ChromeMethodBFE: 7::NewSequentialFile::1)
[19012:5956:0111/170722.906:WARNING:leveldb_database.cc(141)] Unable to open C:\Users\joaqu\Downloads\Entrega3\Entrega3\Saved\webcache_6613\Default\shared_proto_db\metadata: IO error: C:\Users\joaqu\Downloads\Entrega3\Entrega3\Saved\webcache_6613\Default\shared_proto_db\metadata/MANIFEST-000001: Unable to create sequential file (ChromeMethodBFE: 7::NewSequentialFile::1)
[19012:5956:0111/170725.365:WARNING:value_store_frontend.cc(47)] Reading ahfgeienlihckogmohjhadlkjgocpleb.alarms from  failed: IO error: .../MANIFEST-000001: Unable to create sequential file (ChromeMethodBFE: 7::NewSequentialFile::1)
[19012:5956:0111/170725.367:WARNING:value_store_frontend.cc(47)] Reading mhjfbmdgcfjbbpaeojofohoefgiehjai.alarms from  failed: IO error: .../MANIFEST-000001: Unable to create sequential file (ChromeMethodBFE: 7::NewSequentialFile::1)
[19012:24536:0111/170725.669:WARNING:leveldb_database.cc(141)] Unable to open C:\Users\joaqu\Downloads\Entrega3\Entrega3\Saved\webcache_6613\Default\GCM Store\Encryption: IO error: C:\Users\joaqu\Downloads\Entrega3\Entrega3\Saved\webcache_6613\Default\GCM Store\Encryption/MANIFEST-000001: Unable to create sequential file (ChromeMethodBFE: 7::NewSequentialFile::1)
[19012:22520:0111/171455.952:WARNING:page_discarding_helper.cc(138)] Discarding multiple pages with target (kb): 0
[19012:22520:0111/171856.006:WARNING:page_discarding_helper.cc(138)] Discarding multiple pages with target (kb): 0
[19012:22520:0111/171901.008:WARNING:page_discarding_helper.cc(138)] Discarding multiple pages with target (kb): 0
[19012:22520:0111/171906.008:WARNING:page_discarding_helper.cc(138)] Discarding multiple pages with target (kb): 0
[19012:22520:0111/171911.008:WARNING:page_discarding_helper.cc(138)] Discarding multiple pages with target (kb): 0
[19012:22520:0111/171916.009:WARNING:page_discarding_helper.cc(138)] Discarding multiple pages with target (kb): 0
[19012:22520:0111/171921.010:WARNING:page_discarding_helper.cc(138)] Discarding multiple pages with target (kb): 0
[19012:22520:0111/171926.061:WARNING:page_discarding_helper.cc(138)] Discarding multiple pages with target (kb): 0
[19012:22520:0111/171931.064:WARNING:page_discarding_helper.cc(138)] Discarding multiple pages with target (kb): 0
[19012:22520:0111/171936.069:WARNING:page_discarding_helper.cc(138)] Discarding multiple pages with target (kb): 0
[19012:22520:0111/171941.068:WARNING:page_discarding_helper.cc(138)] Discarding multiple pages with target (kb): 0
[19012:22520:0111/171946.069:WARNING:page_discarding_helper.cc(138)] Discarding multiple pages with target (kb): 0
[19012:22520:0111/171951.069:WARNING:page_discarding_helper.cc(138)] Discarding multiple pages with target (kb): 0
[19012:22520:0111/172031.403:WARNING:page_discarding_helper.cc(138)] Discarding multiple pages with target (kb): 0
[19012:22520:0111/172036.405:WARNING:page_discarding_helper.cc(138)] Discarding multiple pages with target (kb): 0
[19012:22520:0111/172041.406:WARNING:page_discarding_helper.cc(138)] Discarding multiple pages with target (kb): 0
[19012:22520:0111/172046.406:WARNING:page_discarding_helper.cc(138)] Discarding multiple pages with target (kb): 0
[19012:22520:0111/172051.409:WARNING:page_discarding_helper.cc(138)] Discarding multiple pages with target (kb): 0
[19012:22520:0111/172056.409:WARNING:page_discarding_helper.cc(138)] Discarding multiple pages with target (kb): 0
[19012:22520:0111/172101.409:WARNING:page_discarding_helper.cc(138)] Discarding multiple pages with target (kb): 0
[19012:22520:0111/172106.410:WARNING:page_discarding_helper.cc(138)] Discarding multiple pages with target (kb): 0
[19012:22520:0111/172111.410:WARNING:page_discarding_helper.cc(138)] Discarding multiple pages with target (kb): 0
[19012:22520:0111/172116.411:WARNING:page_discarding_helper.cc(138)] Discarding multiple pages with target (kb): 0
[19012:22520:0111/172121.413:WARNING:page_discarding_helper.cc(138)] Discarding multiple pages with target (kb): 0
[19012:22520:0111/172126.413:WARNING:page_discarding_helper.cc(138)] Discarding multiple pages with target (kb): 0
[19012:22520:0111/172131.414:WARNING:page_discarding_helper.cc(138)] Discarding multiple pages with target (kb): 0
[19012:22520:0111/172136.413:WARNING:page_discarding_helper.cc(138)] Discarding multiple pages with target (kb): 0
[19012:22520:0111/172141.413:WARNING:page_discarding_helper.cc(138)] Discarding multiple pages with target (kb): 0
[19012:22520:0111/172146.414:WARNING:page_discarding_helper.cc(138)] Discarding multiple pages with target (kb): 0
[19012:22520:0111/172151.415:WARNING:page_discarding_helper.cc(138)] Discarding multiple pages with target (kb): 0
[19012:22520:0111/172156.416:WARNING:page_discarding_helper.cc(138)] Discarding multiple pages with target (kb): 0
[19012:22520:0111/172201.416:WARNING:page_discarding_helper.cc(138)] Discarding multiple pages with target (kb): 0
[19012:22520:0111/172206.416:WARNING:page_discarding_helper.cc(138)] Discarding multiple pages with target (kb): 0
[19012:22520:0111/172211.444:WARNING:page_discarding_helper.cc(138)] Discarding multiple pages with target (kb): 0
[19012:22520:0111/172216.444:WARNING:page_discarding_helper.cc(138)] Discarding multiple pages with target (kb): 0
[19012:22520:0111/172221.444:WARNING:page_discarding_helper.cc(138)] Discarding multiple pages with target (kb): 0
[19012:22520:0111/172226.473:WARNING:page_discarding_helper.cc(138)] Discarding multiple pages with target (kb): 0
[19012:22520:0111/172231.716:WARNING:page_discarding_helper.cc(138)] Discarding multiple pages with target (kb): 0
[19012:22520:0111/172236.718:WARNING:page_discarding_helper.cc(138)] Discarding multiple pages with target (kb): 0
[19012:22520:0111/172241.720:WARNING:page_discarding_helper.cc(138)] Discarding multiple pages with target (kb): 0
[19012:22520:0111/172613.655:WARNING:page_discarding_helper.cc(138)] Discarding multiple pages with target (kb): 0
[19012:22520:0111/172629.156:WARNING:page_discarding_helper.cc(138)] Discarding multiple pages with target (kb): 0
[19012:22520:0111/172724.486:WARNING:page_discarding_helper.cc(138)] Discarding multiple pages with target (kb): 0
[19012:22520:0111/172729.505:WARNING:page_discarding_helper.cc(138)] Discarding multiple pages with target (kb): 0
[19012:22520:0111/172734.567:WARNING:page_discarding_helper.cc(138)] Discarding multiple pages with target (kb): 0
[19012:22520:0111/172739.588:WARNING:page_discarding_helper.cc(138)] Discarding multiple pages with target (kb): 0
[19012:22520:0111/180039.777:WARNING:page_discarding_helper.cc(138)] Discarding multiple pages with target (kb): 0
