[17560:16124:0111/022626.027:WARNING:chrome_main_delegate.cc(745)] This is Chrome version 128.0.6613.138 (not a warning)
[17560:16124:0111/022626.074:ERROR:os_crypt_win.cc(100)] Failed to decrypt: Clave no válida para utilizar en el estado especificado. (0x8009000B)
[17560:3640:0111/022626.145:ERROR:google_update_settings.cc(265)] Failed opening key Software\Chromium to set usagestats; result: 5
[17560:16124:0111/022626.164:WARNING:account_consistency_mode_manager.cc(77)] Desktop Identity Consistency cannot be enabled as no OAuth client ID and client secret have been configured.
[17560:10428:0111/022628.994:WARNING:leveldb_database.cc(141)] Unable to open C:\Users\borra\Documents\GitHub\Entrega3\Entrega3\Saved\webcache_6613\Default\shared_proto_db\metadata: IO error: C:\Users\borra\Documents\GitHub\Entrega3\Entrega3\Saved\webcache_6613\Default\shared_proto_db\metadata/MANIFEST-000001: Unable to create sequential file (ChromeMethodBFE: 7::NewSequentialFile::1)
[17560:10428:0111/022628.997:WARNING:leveldb_database.cc(141)] Unable to open C:\Users\borra\Documents\GitHub\Entrega3\Entrega3\Saved\webcache_6613\Default\shared_proto_db\metadata: IO error: C:\Users\borra\Documents\GitHub\Entrega3\Entrega3\Saved\webcache_6613\Default\shared_proto_db\metadata/MANIFEST-000001: Unable to create sequential file (ChromeMethodBFE: 7::NewSequentialFile::1)
[17560:10428:0111/022629.001:WARNING:leveldb_database.cc(141)] Unable to open C:\Users\borra\Documents\GitHub\Entrega3\Entrega3\Saved\webcache_6613\Default\shared_proto_db\metadata: IO error: C:\Users\borra\Documents\GitHub\Entrega3\Entrega3\Saved\webcache_6613\Default\shared_proto_db\metadata/MANIFEST-000001: Unable to create sequential file (ChromeMethodBFE: 7::NewSequentialFile::1)
[17560:10428:0111/022629.003:WARNING:leveldb_database.cc(141)] Unable to open C:\Users\borra\Documents\GitHub\Entrega3\Entrega3\Saved\webcache_6613\Default\shared_proto_db\metadata: IO error: C:\Users\borra\Documents\GitHub\Entrega3\Entrega3\Saved\webcache_6613\Default\shared_proto_db\metadata/MANIFEST-000001: Unable to create sequential file (ChromeMethodBFE: 7::NewSequentialFile::1)
[17560:21284:0111/022631.354:WARNING:value_store_frontend.cc(47)] Reading ahfgeienlihckogmohjhadlkjgocpleb.alarms from  failed: IO error: .../MANIFEST-000001: Unable to create sequential file (ChromeMethodBFE: 7::NewSequentialFile::1)
[17560:21284:0111/022631.363:WARNING:value_store_frontend.cc(47)] Reading mhjfbmdgcfjbbpaeojofohoefgiehjai.alarms from  failed: IO error: .../MANIFEST-000001: Unable to create sequential file (ChromeMethodBFE: 7::NewSequentialFile::1)
[17560:12832:0111/022631.570:WARNING:leveldb_database.cc(141)] Unable to open C:\Users\borra\Documents\GitHub\Entrega3\Entrega3\Saved\webcache_6613\Default\GCM Store\Encryption: IO error: C:\Users\borra\Documents\GitHub\Entrega3\Entrega3\Saved\webcache_6613\Default\GCM Store\Encryption/MANIFEST-000001: Unable to create sequential file (ChromeMethodBFE: 7::NewSequentialFile::1)
[10500:4812:0111/022632.274:ERROR:rankings.cc(772)] Inconsistent LRU.
[10500:4812:0111/022632.275:ERROR:backend_impl.cc(989)] Critical error found -8
[10500:4812:0111/022632.275:WARNING:storage_block-inl.h(138)] Failed data load.
[10500:4812:0111/022632.275:WARNING:storage_block-inl.h(138)] Failed data load.
[10500:4812:0111/022632.275:ERROR:entry_impl.cc(1029)] No file for b2020014
[10500:4812:0111/022632.275:WARNING:storage_block-inl.h(138)] Failed data load.
[10500:4812:0111/022632.314:WARNING:storage_block-inl.h(138)] Failed data load.
[10500:4812:0111/022632.314:WARNING:storage_block-inl.h(138)] Failed data load.
[10500:4812:0111/022632.314:WARNING:storage_block-inl.h(138)] Failed data load.
[10500:4812:0111/022632.358:WARNING:storage_block-inl.h(138)] Failed data load.
[10500:4812:0111/022632.358:WARNING:storage_block-inl.h(138)] Failed data load.
[10500:4812:0111/022632.358:WARNING:storage_block-inl.h(138)] Failed data load.
[10500:4812:0111/022632.362:WARNING:storage_block-inl.h(138)] Failed data load.
[10500:4812:0111/022632.362:WARNING:storage_block-inl.h(138)] Failed data load.
[10500:4812:0111/022632.362:WARNING:storage_block-inl.h(138)] Failed data load.
[17560:30236:0111/022635.723:ERROR:cast_crl.cc(443)] CRL - Verification failed.
[17560:16124:0111/022740.420:WARNING:pref_notifier_impl.cc(41)] Pref observer for media_router.cast_allow_all_ips found at shutdown.
