[14784:408:0116/174643.024:WARNING:chrome_main_delegate.cc(745)] This is Chrome version 128.0.6613.138 (not a warning)
[14784:12556:0116/174643.087:ERROR:google_update_settings.cc(265)] Failed opening key Software\Chromium to set usagestats; result: 5
[14784:408:0116/174643.130:WARNING:account_consistency_mode_manager.cc(77)] Desktop Identity Consistency cannot be enabled as no OAuth client ID and client secret have been configured.
[14784:25112:0116/174645.831:WARNING:leveldb_database.cc(141)] Unable to open C:\Users\joaqu\Downloads\Entrega3\Entrega3\Saved\webcache_6613\Default\shared_proto_db\metadata: IO error: C:\Users\joaqu\Downloads\Entrega3\Entrega3\Saved\webcache_6613\Default\shared_proto_db\metadata/MANIFEST-000001: Unable to create sequential file (ChromeMethodBFE: 7::NewSequentialFile::1)
[14784:25112:0116/174645.833:WARNING:leveldb_database.cc(141)] Unable to open C:\Users\joaqu\Downloads\Entrega3\Entrega3\Saved\webcache_6613\Default\shared_proto_db\metadata: IO error: C:\Users\joaqu\Downloads\Entrega3\Entrega3\Saved\webcache_6613\Default\shared_proto_db\metadata/MANIFEST-000001: Unable to create sequential file (ChromeMethodBFE: 7::NewSequentialFile::1)
[14784:25112:0116/174645.835:WARNING:leveldb_database.cc(141)] Unable to open C:\Users\joaqu\Downloads\Entrega3\Entrega3\Saved\webcache_6613\Default\shared_proto_db\metadata: IO error: C:\Users\joaqu\Downloads\Entrega3\Entrega3\Saved\webcache_6613\Default\shared_proto_db\metadata/MANIFEST-000001: Unable to create sequential file (ChromeMethodBFE: 7::NewSequentialFile::1)
[14784:25112:0116/174645.837:WARNING:leveldb_database.cc(141)] Unable to open C:\Users\joaqu\Downloads\Entrega3\Entrega3\Saved\webcache_6613\Default\shared_proto_db\metadata: IO error: C:\Users\joaqu\Downloads\Entrega3\Entrega3\Saved\webcache_6613\Default\shared_proto_db\metadata/MANIFEST-000001: Unable to create sequential file (ChromeMethodBFE: 7::NewSequentialFile::1)
[14784:4676:0116/174648.004:WARNING:value_store_frontend.cc(47)] Reading ahfgeienlihckogmohjhadlkjgocpleb.alarms from  failed: IO error: .../MANIFEST-000001: Unable to create sequential file (ChromeMethodBFE: 7::NewSequentialFile::1)
[14784:4676:0116/174648.005:WARNING:value_store_frontend.cc(47)] Reading mhjfbmdgcfjbbpaeojofohoefgiehjai.alarms from  failed: IO error: .../MANIFEST-000001: Unable to create sequential file (ChromeMethodBFE: 7::NewSequentialFile::1)
[14784:724:0116/174648.340:WARNING:leveldb_database.cc(141)] Unable to open C:\Users\joaqu\Downloads\Entrega3\Entrega3\Saved\webcache_6613\Default\GCM Store\Encryption: IO error: C:\Users\joaqu\Downloads\Entrega3\Entrega3\Saved\webcache_6613\Default\GCM Store\Encryption/MANIFEST-000001: Unable to create sequential file (ChromeMethodBFE: 7::NewSequentialFile::1)
[9680:17932:0116/174648.487:WARNING:frame_impl.cc(430)] virtual CefFrameImpl::SendProcessMessage sent to detached frame 5-72A46EA18A20D67CEBD0B244602D3BC6 will be ignored
[14784:8092:0116/174651.351:ERROR:cast_crl.cc(443)] CRL - Verification failed.
[14784:408:0116/174723.972:WARNING:page_discarding_helper.cc(138)] Discarding multiple pages with target (kb): 0
[14784:408:0116/174729.026:WARNING:page_discarding_helper.cc(138)] Discarding multiple pages with target (kb): 0
[14784:408:0116/174734.027:WARNING:page_discarding_helper.cc(138)] Discarding multiple pages with target (kb): 0
[14784:408:0116/174739.028:WARNING:page_discarding_helper.cc(138)] Discarding multiple pages with target (kb): 0
[14784:408:0116/174744.027:WARNING:page_discarding_helper.cc(138)] Discarding multiple pages with target (kb): 0
[14784:408:0116/174749.054:WARNING:page_discarding_helper.cc(138)] Discarding multiple pages with target (kb): 0
[14784:408:0116/174754.061:WARNING:page_discarding_helper.cc(138)] Discarding multiple pages with target (kb): 0
[14784:408:0116/174759.073:WARNING:page_discarding_helper.cc(138)] Discarding multiple pages with target (kb): 0
[14784:408:0116/174804.115:WARNING:page_discarding_helper.cc(138)] Discarding multiple pages with target (kb): 0
[14784:408:0116/174809.165:WARNING:page_discarding_helper.cc(138)] Discarding multiple pages with target (kb): 0
[14784:408:0116/174814.168:WARNING:page_discarding_helper.cc(138)] Discarding multiple pages with target (kb): 0
[14784:408:0116/174819.174:WARNING:page_discarding_helper.cc(138)] Discarding multiple pages with target (kb): 0
[14784:408:0116/174825.238:WARNING:page_discarding_helper.cc(138)] Discarding multiple pages with target (kb): 0
[14784:408:0116/174830.239:WARNING:page_discarding_helper.cc(138)] Discarding multiple pages with target (kb): 0
[14784:408:0116/174835.291:WARNING:page_discarding_helper.cc(138)] Discarding multiple pages with target (kb): 0
[14784:408:0116/174840.328:WARNING:page_discarding_helper.cc(138)] Discarding multiple pages with target (kb): 0
[14784:408:0116/174845.356:WARNING:page_discarding_helper.cc(138)] Discarding multiple pages with target (kb): 0
[14784:408:0116/174850.374:WARNING:page_discarding_helper.cc(138)] Discarding multiple pages with target (kb): 0
[14784:408:0116/174910.407:WARNING:page_discarding_helper.cc(138)] Discarding multiple pages with target (kb): 0
[14784:408:0116/174915.408:WARNING:page_discarding_helper.cc(138)] Discarding multiple pages with target (kb): 0
[14784:408:0116/174920.410:WARNING:page_discarding_helper.cc(138)] Discarding multiple pages with target (kb): 0
[14784:408:0116/174925.410:WARNING:page_discarding_helper.cc(138)] Discarding multiple pages with target (kb): 0
[14784:408:0116/174930.411:WARNING:page_discarding_helper.cc(138)] Discarding multiple pages with target (kb): 0
[14784:408:0116/174935.410:WARNING:page_discarding_helper.cc(138)] Discarding multiple pages with target (kb): 0
[14784:408:0116/174940.413:WARNING:page_discarding_helper.cc(138)] Discarding multiple pages with target (kb): 0
[14784:408:0116/174945.413:WARNING:page_discarding_helper.cc(138)] Discarding multiple pages with target (kb): 0
[14784:408:0116/174950.425:WARNING:page_discarding_helper.cc(138)] Discarding multiple pages with target (kb): 0
[14784:408:0116/174955.625:WARNING:page_discarding_helper.cc(138)] Discarding multiple pages with target (kb): 0
[14784:408:0116/175000.625:WARNING:page_discarding_helper.cc(138)] Discarding multiple pages with target (kb): 0
[14784:408:0116/175005.625:WARNING:page_discarding_helper.cc(138)] Discarding multiple pages with target (kb): 0
[14784:408:0116/175010.627:WARNING:page_discarding_helper.cc(138)] Discarding multiple pages with target (kb): 0
[14784:408:0116/175015.628:WARNING:page_discarding_helper.cc(138)] Discarding multiple pages with target (kb): 0
[14784:408:0116/175020.629:WARNING:page_discarding_helper.cc(138)] Discarding multiple pages with target (kb): 0
[14784:408:0116/175025.630:WARNING:page_discarding_helper.cc(138)] Discarding multiple pages with target (kb): 0
[14784:408:0116/175030.630:WARNING:page_discarding_helper.cc(138)] Discarding multiple pages with target (kb): 0
[14784:408:0116/175035.641:WARNING:page_discarding_helper.cc(138)] Discarding multiple pages with target (kb): 0
[14784:408:0116/175040.679:WARNING:page_discarding_helper.cc(138)] Discarding multiple pages with target (kb): 0
[14784:408:0116/175045.680:WARNING:page_discarding_helper.cc(138)] Discarding multiple pages with target (kb): 0
[14784:408:0116/175050.680:WARNING:page_discarding_helper.cc(138)] Discarding multiple pages with target (kb): 0
[14784:408:0116/175055.681:WARNING:page_discarding_helper.cc(138)] Discarding multiple pages with target (kb): 0
[14784:408:0116/175100.682:WARNING:page_discarding_helper.cc(138)] Discarding multiple pages with target (kb): 0
[14784:408:0116/175105.683:WARNING:page_discarding_helper.cc(138)] Discarding multiple pages with target (kb): 0
[14784:408:0116/175110.685:WARNING:page_discarding_helper.cc(138)] Discarding multiple pages with target (kb): 0
[14784:408:0116/175115.685:WARNING:page_discarding_helper.cc(138)] Discarding multiple pages with target (kb): 0
[14784:408:0116/175120.688:WARNING:page_discarding_helper.cc(138)] Discarding multiple pages with target (kb): 0
[14784:408:0116/175125.689:WARNING:page_discarding_helper.cc(138)] Discarding multiple pages with target (kb): 0
[14784:408:0116/175130.689:WARNING:page_discarding_helper.cc(138)] Discarding multiple pages with target (kb): 0
[14784:408:0116/175135.689:WARNING:page_discarding_helper.cc(138)] Discarding multiple pages with target (kb): 0
[14784:408:0116/175140.689:WARNING:page_discarding_helper.cc(138)] Discarding multiple pages with target (kb): 0
[14784:408:0116/175145.711:WARNING:page_discarding_helper.cc(138)] Discarding multiple pages with target (kb): 0
[14784:408:0116/175205.930:WARNING:page_discarding_helper.cc(138)] Discarding multiple pages with target (kb): 0
[14784:408:0116/175215.935:WARNING:page_discarding_helper.cc(138)] Discarding multiple pages with target (kb): 0
[14784:408:0116/175220.936:WARNING:page_discarding_helper.cc(138)] Discarding multiple pages with target (kb): 0
[14784:408:0116/175225.935:WARNING:page_discarding_helper.cc(138)] Discarding multiple pages with target (kb): 0
[14784:408:0116/175230.938:WARNING:page_discarding_helper.cc(138)] Discarding multiple pages with target (kb): 0
[14784:408:0116/175235.938:WARNING:page_discarding_helper.cc(138)] Discarding multiple pages with target (kb): 0
[14784:408:0116/175240.939:WARNING:page_discarding_helper.cc(138)] Discarding multiple pages with target (kb): 0
[14784:408:0116/175245.940:WARNING:page_discarding_helper.cc(138)] Discarding multiple pages with target (kb): 0
[14784:408:0116/175821.856:WARNING:page_discarding_helper.cc(138)] Discarding multiple pages with target (kb): 0
[14784:408:0116/175826.856:WARNING:page_discarding_helper.cc(138)] Discarding multiple pages with target (kb): 0
[14784:408:0116/175831.857:WARNING:page_discarding_helper.cc(138)] Discarding multiple pages with target (kb): 0
[14784:408:0116/175836.857:WARNING:page_discarding_helper.cc(138)] Discarding multiple pages with target (kb): 0
[14784:408:0116/175841.862:WARNING:page_discarding_helper.cc(138)] Discarding multiple pages with target (kb): 0
[14784:408:0116/175846.863:WARNING:page_discarding_helper.cc(138)] Discarding multiple pages with target (kb): 0
[14784:408:0116/175851.863:WARNING:page_discarding_helper.cc(138)] Discarding multiple pages with target (kb): 0
[14784:408:0116/175856.863:WARNING:page_discarding_helper.cc(138)] Discarding multiple pages with target (kb): 0
[14784:408:0116/175911.865:WARNING:page_discarding_helper.cc(138)] Discarding multiple pages with target (kb): 0
[14784:408:0116/175916.866:WARNING:page_discarding_helper.cc(138)] Discarding multiple pages with target (kb): 0
[14784:408:0116/175921.865:WARNING:page_discarding_helper.cc(138)] Discarding multiple pages with target (kb): 0
[14784:408:0116/175926.866:WARNING:page_discarding_helper.cc(138)] Discarding multiple pages with target (kb): 0
[14784:408:0116/175931.866:WARNING:page_discarding_helper.cc(138)] Discarding multiple pages with target (kb): 0
[14784:408:0116/175936.869:WARNING:page_discarding_helper.cc(138)] Discarding multiple pages with target (kb): 0
[14784:408:0116/175941.869:WARNING:page_discarding_helper.cc(138)] Discarding multiple pages with target (kb): 0
[14784:408:0116/175946.871:WARNING:page_discarding_helper.cc(138)] Discarding multiple pages with target (kb): 0
[14784:408:0116/175951.872:WARNING:page_discarding_helper.cc(138)] Discarding multiple pages with target (kb): 0
[14784:408:0116/175956.873:WARNING:page_discarding_helper.cc(138)] Discarding multiple pages with target (kb): 0
[14784:408:0116/180005.679:WARNING:pref_notifier_impl.cc(41)] Pref observer for media_router.cast_allow_all_ips found at shutdown.
