[31432:4024:0108/223759.364:WARNING:chrome_main_delegate.cc(745)] This is Chrome version 128.0.6613.138 (not a warning)
[31432:20200:0108/223759.546:ERROR:google_update_settings.cc(265)] Failed opening key Software\Chromium to set usagestats; result: 5
[31432:4024:0108/223759.614:WARNING:account_consistency_mode_manager.cc(77)] Desktop Identity Consistency cannot be enabled as no OAuth client ID and client secret have been configured.
[31432:30532:0108/223804.721:WARNING:leveldb_database.cc(141)] Unable to open C:\Users\borra\Documents\GitHub\Entrega3\Entrega3\Saved\webcache_6613\Default\shared_proto_db\metadata: IO error: C:\Users\borra\Documents\GitHub\Entrega3\Entrega3\Saved\webcache_6613\Default\shared_proto_db\metadata/MANIFEST-000001: Unable to create sequential file (ChromeMethodBFE: 7::NewSequentialFile::1)
[31432:30532:0108/223804.726:WARNING:leveldb_database.cc(141)] Unable to open C:\Users\borra\Documents\GitHub\Entrega3\Entrega3\Saved\webcache_6613\Default\shared_proto_db\metadata: IO error: C:\Users\borra\Documents\GitHub\Entrega3\Entrega3\Saved\webcache_6613\Default\shared_proto_db\metadata/MANIFEST-000001: Unable to create sequential file (ChromeMethodBFE: 7::NewSequentialFile::1)
[31432:30532:0108/223804.730:WARNING:leveldb_database.cc(141)] Unable to open C:\Users\borra\Documents\GitHub\Entrega3\Entrega3\Saved\webcache_6613\Default\shared_proto_db\metadata: IO error: C:\Users\borra\Documents\GitHub\Entrega3\Entrega3\Saved\webcache_6613\Default\shared_proto_db\metadata/MANIFEST-000001: Unable to create sequential file (ChromeMethodBFE: 7::NewSequentialFile::1)
[31432:30532:0108/223804.733:WARNING:leveldb_database.cc(141)] Unable to open C:\Users\borra\Documents\GitHub\Entrega3\Entrega3\Saved\webcache_6613\Default\shared_proto_db\metadata: IO error: C:\Users\borra\Documents\GitHub\Entrega3\Entrega3\Saved\webcache_6613\Default\shared_proto_db\metadata/MANIFEST-000001: Unable to create sequential file (ChromeMethodBFE: 7::NewSequentialFile::1)
[31432:10892:0108/223810.882:WARNING:value_store_frontend.cc(47)] Reading ahfgeienlihckogmohjhadlkjgocpleb.alarms from  failed: IO error: .../MANIFEST-000001: Unable to create sequential file (ChromeMethodBFE: 7::NewSequentialFile::1)
[31432:10892:0108/223810.884:WARNING:value_store_frontend.cc(47)] Reading mhjfbmdgcfjbbpaeojofohoefgiehjai.alarms from  failed: IO error: .../MANIFEST-000001: Unable to create sequential file (ChromeMethodBFE: 7::NewSequentialFile::1)
[31432:21276:0108/223811.121:WARNING:leveldb_database.cc(141)] Unable to open C:\Users\borra\Documents\GitHub\Entrega3\Entrega3\Saved\webcache_6613\Default\GCM Store\Encryption: IO error: C:\Users\borra\Documents\GitHub\Entrega3\Entrega3\Saved\webcache_6613\Default\GCM Store\Encryption/MANIFEST-000001: Unable to create sequential file (ChromeMethodBFE: 7::NewSequentialFile::1)
[31432:23480:0108/223814.900:ERROR:cast_crl.cc(443)] CRL - Verification failed.
[31432:23480:0108/231537.143:ERROR:cast_crl.cc(443)] CRL - Verification failed.
[31432:23480:0108/232403.751:ERROR:cast_crl.cc(443)] CRL - Verification failed.
[31432:23480:0108/232705.864:ERROR:cast_crl.cc(443)] CRL - Verification failed.
[31432:23480:0108/233717.244:ERROR:cast_crl.cc(443)] CRL - Verification failed.
[31432:23480:0108/234206.388:ERROR:cast_crl.cc(443)] CRL - Verification failed.
[31432:23480:0108/234358.736:ERROR:cast_crl.cc(443)] CRL - Verification failed.
[31432:23480:0108/234529.836:ERROR:cast_crl.cc(443)] CRL - Verification failed.
[31432:23480:0108/235732.527:ERROR:cast_crl.cc(443)] CRL - Verification failed.
[31432:23480:0109/000137.107:ERROR:cast_crl.cc(443)] CRL - Verification failed.
[31432:23480:0109/001340.838:ERROR:cast_crl.cc(443)] CRL - Verification failed.
[31432:23480:0109/001638.455:ERROR:cast_crl.cc(443)] CRL - Verification failed.
[31432:23480:0109/002130.763:ERROR:cast_crl.cc(443)] CRL - Verification failed.
[31432:23480:0109/003946.756:ERROR:cast_crl.cc(443)] CRL - Verification failed.
[31432:23480:0109/004440.245:ERROR:cast_crl.cc(443)] CRL - Verification failed.
[31432:23480:0109/004713.125:ERROR:cast_crl.cc(443)] CRL - Verification failed.
[31432:23480:0109/005606.207:ERROR:cast_crl.cc(443)] CRL - Verification failed.
[31432:23480:0109/010314.118:ERROR:cast_crl.cc(443)] CRL - Verification failed.
[31432:23480:0109/010335.186:ERROR:cast_crl.cc(443)] CRL - Verification failed.
[31432:23480:0109/010512.206:ERROR:cast_crl.cc(443)] CRL - Verification failed.
[31432:23480:0109/010852.582:ERROR:cast_crl.cc(443)] CRL - Verification failed.
[31432:23480:0109/011751.692:ERROR:cast_crl.cc(443)] CRL - Verification failed.
[31432:23480:0109/012130.113:ERROR:cast_crl.cc(443)] CRL - Verification failed.
[31432:23480:0109/012218.222:ERROR:cast_crl.cc(443)] CRL - Verification failed.
[31432:23480:0109/013933.958:ERROR:cast_crl.cc(443)] CRL - Verification failed.
[31432:23480:0109/014838.957:ERROR:cast_crl.cc(443)] CRL - Verification failed.
[31432:23480:0109/015302.739:ERROR:cast_crl.cc(443)] CRL - Verification failed.
[31432:23480:0109/015455.680:ERROR:cast_crl.cc(443)] CRL - Verification failed.
[31432:23480:0109/015651.152:ERROR:cast_crl.cc(443)] CRL - Verification failed.
[31432:23480:0109/020330.708:ERROR:cast_crl.cc(443)] CRL - Verification failed.
[31432:4024:0109/020606.372:WARNING:pref_notifier_impl.cc(41)] Pref observer for media_router.cast_allow_all_ips found at shutdown.
